Copyright 1986-2018 Xilinx, Inc. All Rights Reserved.
------------------------------------------------------------------------------------
| Tool Version : Vivado v.2018.2 (win64) Build 2258646 Thu Jun 14 20:03:12 MDT 2018
| Date         : Wed Sep  9 19:44:08 2026
| Host         : LAPTOP-D22V39SO running 64-bit major release  (build 9200)
| Command      : report_control_sets -verbose -file cpu_top_control_sets_placed.rpt
| Design       : cpu_top
| Device       : xc7k70t
------------------------------------------------------------------------------------

Control Set Information

Table of Contents
-----------------
1. Summary
2. Histogram
3. Flip-Flop Distribution
4. Detailed Control Set Information

1. Summary
----------

+----------------------------------------------------------+-------+
|                          Status                          | Count |
+----------------------------------------------------------+-------+
| Number of unique control sets                            |    10 |
| Unused register locations in slices containing registers |     2 |
+----------------------------------------------------------+-------+


2. Histogram
------------

+--------+--------------+
| Fanout | Control Sets |
+--------+--------------+
|    16+ |           10 |
+--------+--------------+


3. Flip-Flop Distribution
-------------------------

+--------------+-----------------------+------------------------+-----------------+--------------+
| Clock Enable | Synchronous Set/Reset | Asynchronous Set/Reset | Total Registers | Total Slices |
+--------------+-----------------------+------------------------+-----------------+--------------+
| No           | No                    | No                     |               0 |            0 |
| No           | No                    | Yes                    |              30 |            4 |
| No           | Yes                   | No                     |               0 |            0 |
| Yes          | No                    | No                     |               0 |            0 |
| Yes          | No                    | Yes                    |             288 |           73 |
| Yes          | Yes                   | No                     |               0 |            0 |
+--------------+-----------------------+------------------------+-----------------+--------------+


4. Detailed Control Set Information
-----------------------------------

+----------------+----------------------------------+------------------+------------------+----------------+
|  Clock Signal  |           Enable Signal          | Set/Reset Signal | Slice Load Count | Bel Load Count |
+----------------+----------------------------------+------------------+------------------+----------------+
|  clk_IBUF_BUFG |                                  | reset_IBUF       |                4 |             30 |
|  clk_IBUF_BUFG | PC_UNIT/E[0]                     | reset_IBUF       |                7 |             32 |
|  clk_IBUF_BUFG | PC_UNIT/registers_reg[1][15][0]  | reset_IBUF       |                9 |             32 |
|  clk_IBUF_BUFG | PC_UNIT/registers_reg[10][15][0] | reset_IBUF       |                7 |             32 |
|  clk_IBUF_BUFG | PC_UNIT/registers_reg[4][15][0]  | reset_IBUF       |                8 |             32 |
|  clk_IBUF_BUFG | PC_UNIT/registers_reg[5][15][0]  | reset_IBUF       |                9 |             32 |
|  clk_IBUF_BUFG | PC_UNIT/registers_reg[9][15][0]  | reset_IBUF       |                8 |             32 |
|  clk_IBUF_BUFG | PC_UNIT/registers_reg[6][15][0]  | reset_IBUF       |                8 |             32 |
|  clk_IBUF_BUFG | PC_UNIT/registers_reg[11][15][0] | reset_IBUF       |                8 |             32 |
|  clk_IBUF_BUFG | PC_UNIT/registers_reg[7][15][0]  | reset_IBUF       |                9 |             32 |
+----------------+----------------------------------+------------------+------------------+----------------+


